
==================================================
  FINAL CHECK RESULTS
==================================================
  [PASS] Health endpoint
  [PASS] Auth login
  [FAIL] FATAL -- 'body'

  ===================================
  2/3 passed, 1 FAILED
  ===================================
